{
  "version": "1.5.0",
  "plugins_used": [
    {
      "name": "ArtifactoryDetector"
    },
    {
      "name": "AWSKeyDetector"
    },
    {
      "name": "AzureStorageKeyDetector"
    },
    {
      "name": "Base64HighEntropyString",
      "limit": 4.5
    },
    {
      "name": "BasicAuthDetector"
    },
    {
      "name": "CloudantDetector"
    },
    {
      "name": "DiscordBotTokenDetector"
    },
    {
      "name": "GitHubTokenDetector"
    },
    {
      "name": "GitLabTokenDetector"
    },
    {
      "name": "HexHighEntropyString",
      "limit": 3.0
    },
    {
      "name": "IbmCloudIamDetector"
    },
    {
      "name": "IbmCosHmacDetector"
    },
    {
      "name": "IPPublicDetector"
    },
    {
      "name": "JwtTokenDetector"
    },
    {
      "name": "KeywordDetector",
      "keyword_exclude": ""
    },
    {
      "name": "MailchimpDetector"
    },
    {
      "name": "NpmDetector"
    },
    {
      "name": "OpenAIDetector"
    },
    {
      "name": "PrivateKeyDetector"
    },
    {
      "name": "PypiTokenDetector"
    },
    {
      "name": "SendGridDetector"
    },
    {
      "name": "SlackDetector"
    },
    {
      "name": "SoftlayerDetector"
    },
    {
      "name": "SquareOAuthDetector"
    },
    {
      "name": "StripeDetector"
    },
    {
      "name": "TelegramBotTokenDetector"
    },
    {
      "name": "TwilioKeyDetector"
    }
  ],
  "filters_used": [
    {
      "path": "detect_secrets.filters.allowlist.is_line_allowlisted"
    },
    {
      "path": "detect_secrets.filters.common.is_ignored_due_to_verification_policies",
      "min_level": 2
    },
    {
      "path": "detect_secrets.filters.heuristic.is_indirect_reference"
    },
    {
      "path": "detect_secrets.filters.heuristic.is_likely_id_string"
    },
    {
      "path": "detect_secrets.filters.heuristic.is_lock_file"
    },
    {
      "path": "detect_secrets.filters.heuristic.is_not_alphanumeric_string"
    },
    {
      "path": "detect_secrets.filters.heuristic.is_potential_uuid"
    },
    {
      "path": "detect_secrets.filters.heuristic.is_prefixed_with_dollar_sign"
    },
    {
      "path": "detect_secrets.filters.heuristic.is_sequential_string"
    },
    {
      "path": "detect_secrets.filters.heuristic.is_swagger_file"
    },
    {
      "path": "detect_secrets.filters.heuristic.is_templated_secret"
    }
  ],
  "results": {
    ".env": [
      {
        "type": "Base64 High Entropy String",
        "filename": ".env",
        "hashed_secret": "9c8ef28ba8399176f70068688ffb5a1bfb267b4f",
        "is_verified": false,
        "line_number": 1
      },
      {
        "type": "GitHub Token",
        "filename": ".env",
        "hashed_secret": "e175c6f5f2a92e8623bd9a4820edb4e8c1b0fd10",
        "is_verified": false,
        "line_number": 1
      },
      {
        "type": "Base64 High Entropy String",
        "filename": ".env",
        "hashed_secret": "23184d1253614cee8dcf6f0a642bf0928ec78faa",
        "is_verified": false,
        "line_number": 4
      }
    ],
    "sota/sinan/Sinan/benchmarks/hotelReservation/services/user/server.go": [
      {
        "type": "Secret Keyword",
        "filename": "sota/sinan/Sinan/benchmarks/hotelReservation/services/user/server.go",
        "hashed_secret": "9d4e1e23bd5b727046a9e3b4b7db57bd8d6ee684",
        "is_verified": false,
        "line_number": 118
      }
    ],
    "sota/sinan/Sinan/benchmarks/hotelReservation/vendor/github.com/hashicorp/consul/api/api.go": [
      {
        "type": "Secret Keyword",
        "filename": "sota/sinan/Sinan/benchmarks/hotelReservation/vendor/github.com/hashicorp/consul/api/api.go",
        "hashed_secret": "9ba5015ab563aa211091115156df6afec475bede",
        "is_verified": false,
        "line_number": 55
      }
    ],
    "sota/sinan/Sinan/benchmarks/hotelReservation/vendor/github.com/segmentio/ksuid/README.md": [
      {
        "type": "Hex High Entropy String",
        "filename": "sota/sinan/Sinan/benchmarks/hotelReservation/vendor/github.com/segmentio/ksuid/README.md",
        "hashed_secret": "0fca00726ca36725555555da59ad0f039913af28",
        "is_verified": false,
        "line_number": 119
      },
      {
        "type": "Hex High Entropy String",
        "filename": "sota/sinan/Sinan/benchmarks/hotelReservation/vendor/github.com/segmentio/ksuid/README.md",
        "hashed_secret": "ab9bf71cf9ed5791001a2a018242497d8d1d0816",
        "is_verified": false,
        "line_number": 120
      },
      {
        "type": "Base64 High Entropy String",
        "filename": "sota/sinan/Sinan/benchmarks/hotelReservation/vendor/github.com/segmentio/ksuid/README.md",
        "hashed_secret": "22f695f99540fe035357282a36bc176011ea3a29",
        "is_verified": false,
        "line_number": 121
      },
      {
        "type": "Hex High Entropy String",
        "filename": "sota/sinan/Sinan/benchmarks/hotelReservation/vendor/github.com/segmentio/ksuid/README.md",
        "hashed_secret": "60f7396d81c7f81bfccd4e50fd37cc246ebb9fdd",
        "is_verified": false,
        "line_number": 121
      },
      {
        "type": "Hex High Entropy String",
        "filename": "sota/sinan/Sinan/benchmarks/hotelReservation/vendor/github.com/segmentio/ksuid/README.md",
        "hashed_secret": "9cd189fda80cbe97580383e331937b702f6d16b5",
        "is_verified": false,
        "line_number": 122
      }
    ],
    "sota/sinan/Sinan/benchmarks/hotelReservation/vendor/github.com/segmentio/ksuid/ksuid.go": [
      {
        "type": "Base64 High Entropy String",
        "filename": "sota/sinan/Sinan/benchmarks/hotelReservation/vendor/github.com/segmentio/ksuid/ksuid.go",
        "hashed_secret": "c6d163e5c9bcd51eb321ec0bef3707188fcc9e8d",
        "is_verified": false,
        "line_number": 37
      }
    ],
    "sota/sinan/Sinan/benchmarks/hotelReservation/vendor/github.com/uber/jaeger-client-go/.travis.yml": [
      {
        "type": "Base64 High Entropy String",
        "filename": "sota/sinan/Sinan/benchmarks/hotelReservation/vendor/github.com/uber/jaeger-client-go/.travis.yml",
        "hashed_secret": "18baa89811b469c843ee1419eaef3070f5b636e1",
        "is_verified": false,
        "line_number": 31
      },
      {
        "type": "Base64 High Entropy String",
        "filename": "sota/sinan/Sinan/benchmarks/hotelReservation/vendor/github.com/uber/jaeger-client-go/.travis.yml",
        "hashed_secret": "dbf112ef2b95e32fb08ce461a77d7277acf7a78b",
        "is_verified": false,
        "line_number": 33
      }
    ],
    "sota/sinan/Sinan/benchmarks/social-network/config/service-config-ori.json": [
      {
        "type": "Secret Keyword",
        "filename": "sota/sinan/Sinan/benchmarks/social-network/config/service-config-ori.json",
        "hashed_secret": "e5e9fa1ba31ecd1ae84f75caaa474f3a663f05f4",
        "is_verified": false,
        "line_number": 2
      }
    ],
    "sota/sinan/Sinan/benchmarks/social-network/config/service-config.json": [
      {
        "type": "Secret Keyword",
        "filename": "sota/sinan/Sinan/benchmarks/social-network/config/service-config.json",
        "hashed_secret": "e5e9fa1ba31ecd1ae84f75caaa474f3a663f05f4",
        "is_verified": false,
        "line_number": 2
      }
    ],
    "sota/sinan/Sinan/benchmarks/social-network/config/service-config_with_ath2.json": [
      {
        "type": "Secret Keyword",
        "filename": "sota/sinan/Sinan/benchmarks/social-network/config/service-config_with_ath2.json",
        "hashed_secret": "e5e9fa1ba31ecd1ae84f75caaa474f3a663f05f4",
        "is_verified": false,
        "line_number": 2
      }
    ],
    "sota/sinan/Sinan/benchmarks/social-network/docker/openresty-thrift/README.md": [
      {
        "type": "Base64 High Entropy String",
        "filename": "sota/sinan/Sinan/benchmarks/social-network/docker/openresty-thrift/README.md",
        "hashed_secret": "b312a255f6f092a2cc88131eb6aaa9c0196d64e7",
        "is_verified": false,
        "line_number": 124
      }
    ],
    "sota/sinan/Sinan/benchmarks/social-network/docker/openresty-thrift/appveyor.yml": [
      {
        "type": "Base64 High Entropy String",
        "filename": "sota/sinan/Sinan/benchmarks/social-network/docker/openresty-thrift/appveyor.yml",
        "hashed_secret": "1e72c0aa4f4f3c0c42c46b51cf4861d0c4d6f11a",
        "is_verified": false,
        "line_number": 11
      }
    ],
    "sota/sinan/Sinan/benchmarks/social-network/scripts/init_social_graph.py": [
      {
        "type": "Secret Keyword",
        "filename": "sota/sinan/Sinan/benchmarks/social-network/scripts/init_social_graph.py",
        "hashed_secret": "08b439a549073c4fcb1c027a871e6289cec74146",
        "is_verified": false,
        "line_number": 12
      }
    ],
    "sota/sinan/Sinan/benchmarks/social-network/scripts/setup_social_graph_init_data.py": [
      {
        "type": "Secret Keyword",
        "filename": "sota/sinan/Sinan/benchmarks/social-network/scripts/setup_social_graph_init_data.py",
        "hashed_secret": "08b439a549073c4fcb1c027a871e6289cec74146",
        "is_verified": false,
        "line_number": 176
      }
    ],
    "sota/sinan/Sinan/benchmarks/social-network/scripts/setup_social_graph_init_data_sync.py": [
      {
        "type": "Secret Keyword",
        "filename": "sota/sinan/Sinan/benchmarks/social-network/scripts/setup_social_graph_init_data_sync.py",
        "hashed_secret": "08b439a549073c4fcb1c027a871e6289cec74146",
        "is_verified": false,
        "line_number": 176
      }
    ],
    "sota/sinan/Sinan/benchmarks/social-network/third_party/PicoSHA2/README.md": [
      {
        "type": "Hex High Entropy String",
        "filename": "sota/sinan/Sinan/benchmarks/social-network/third_party/PicoSHA2/README.md",
        "hashed_secret": "10cc000f6ed3ca42acfceabd2e7aa7fc221cdc83",
        "is_verified": false,
        "line_number": 60
      },
      {
        "type": "Hex High Entropy String",
        "filename": "sota/sinan/Sinan/benchmarks/social-network/third_party/PicoSHA2/README.md",
        "hashed_secret": "4f6fdb6500757279e61ec5a811cc8dab9fd7e350",
        "is_verified": false,
        "line_number": 74
      }
    ],
    "sota/sinan/Sinan/benchmarks/socialNetwork-ml-swarm/config/service-config.json": [
      {
        "type": "Secret Keyword",
        "filename": "sota/sinan/Sinan/benchmarks/socialNetwork-ml-swarm/config/service-config.json",
        "hashed_secret": "e5e9fa1ba31ecd1ae84f75caaa474f3a663f05f4",
        "is_verified": false,
        "line_number": 2
      }
    ],
    "sota/sinan/Sinan/benchmarks/socialNetwork-ml-swarm/docker/openresty-thrift/README.md": [
      {
        "type": "Base64 High Entropy String",
        "filename": "sota/sinan/Sinan/benchmarks/socialNetwork-ml-swarm/docker/openresty-thrift/README.md",
        "hashed_secret": "b312a255f6f092a2cc88131eb6aaa9c0196d64e7",
        "is_verified": false,
        "line_number": 124
      }
    ],
    "sota/sinan/Sinan/benchmarks/socialNetwork-ml-swarm/docker/openresty-thrift/appveyor.yml": [
      {
        "type": "Base64 High Entropy String",
        "filename": "sota/sinan/Sinan/benchmarks/socialNetwork-ml-swarm/docker/openresty-thrift/appveyor.yml",
        "hashed_secret": "1e72c0aa4f4f3c0c42c46b51cf4861d0c4d6f11a",
        "is_verified": false,
        "line_number": 11
      }
    ],
    "sota/sinan/Sinan/benchmarks/socialNetwork-ml-swarm/scripts/autothrottle_setup_social_graph_init_data_sync.py": [
      {
        "type": "Secret Keyword",
        "filename": "sota/sinan/Sinan/benchmarks/socialNetwork-ml-swarm/scripts/autothrottle_setup_social_graph_init_data_sync.py",
        "hashed_secret": "08b439a549073c4fcb1c027a871e6289cec74146",
        "is_verified": false,
        "line_number": 199
      }
    ],
    "sota/sinan/Sinan/benchmarks/socialNetwork-ml-swarm/scripts/debug_compose_short_post_sync.py": [
      {
        "type": "Secret Keyword",
        "filename": "sota/sinan/Sinan/benchmarks/socialNetwork-ml-swarm/scripts/debug_compose_short_post_sync.py",
        "hashed_secret": "08b439a549073c4fcb1c027a871e6289cec74146",
        "is_verified": false,
        "line_number": 194
      }
    ],
    "sota/sinan/Sinan/benchmarks/socialNetwork-ml-swarm/scripts/init_social_graph.py": [
      {
        "type": "Secret Keyword",
        "filename": "sota/sinan/Sinan/benchmarks/socialNetwork-ml-swarm/scripts/init_social_graph.py",
        "hashed_secret": "08b439a549073c4fcb1c027a871e6289cec74146",
        "is_verified": false,
        "line_number": 12
      }
    ],
    "sota/sinan/Sinan/benchmarks/socialNetwork-ml-swarm/scripts/setup_social_graph_init_data.py": [
      {
        "type": "Secret Keyword",
        "filename": "sota/sinan/Sinan/benchmarks/socialNetwork-ml-swarm/scripts/setup_social_graph_init_data.py",
        "hashed_secret": "08b439a549073c4fcb1c027a871e6289cec74146",
        "is_verified": false,
        "line_number": 204
      }
    ],
    "sota/sinan/Sinan/benchmarks/socialNetwork-ml-swarm/scripts/setup_social_graph_init_data_sync.py": [
      {
        "type": "Secret Keyword",
        "filename": "sota/sinan/Sinan/benchmarks/socialNetwork-ml-swarm/scripts/setup_social_graph_init_data_sync.py",
        "hashed_secret": "08b439a549073c4fcb1c027a871e6289cec74146",
        "is_verified": false,
        "line_number": 206
      }
    ],
    "sota/sinan/Sinan/benchmarks/socialNetwork-ml-swarm/scripts/test_compose_post_sync.py": [
      {
        "type": "Secret Keyword",
        "filename": "sota/sinan/Sinan/benchmarks/socialNetwork-ml-swarm/scripts/test_compose_post_sync.py",
        "hashed_secret": "08b439a549073c4fcb1c027a871e6289cec74146",
        "is_verified": false,
        "line_number": 204
      }
    ],
    "sota/sinan/Sinan/benchmarks/socialNetwork-ml-swarm/scripts/test_compose_short_post_sync.py": [
      {
        "type": "Secret Keyword",
        "filename": "sota/sinan/Sinan/benchmarks/socialNetwork-ml-swarm/scripts/test_compose_short_post_sync.py",
        "hashed_secret": "08b439a549073c4fcb1c027a871e6289cec74146",
        "is_verified": false,
        "line_number": 194
      }
    ],
    "sota/sinan/Sinan/benchmarks/socialNetwork-ml-swarm/third_party/PicoSHA2/README.md": [
      {
        "type": "Hex High Entropy String",
        "filename": "sota/sinan/Sinan/benchmarks/socialNetwork-ml-swarm/third_party/PicoSHA2/README.md",
        "hashed_secret": "10cc000f6ed3ca42acfceabd2e7aa7fc221cdc83",
        "is_verified": false,
        "line_number": 60
      },
      {
        "type": "Hex High Entropy String",
        "filename": "sota/sinan/Sinan/benchmarks/socialNetwork-ml-swarm/third_party/PicoSHA2/README.md",
        "hashed_secret": "4f6fdb6500757279e61ec5a811cc8dab9fd7e350",
        "is_verified": false,
        "line_number": 74
      }
    ]
  },
  "generated_at": "2024-11-13T21:09:42Z"
}
